Archive member included to satisfy reference by file (symbol)

c:/program files (x86)/atmel/studio/7.0/toolchain/avr8/avr8-gnu-toolchain/bin/../lib/gcc/avr/5.4.0/avr5\libgcc.a(_exit.o)
                              c:/program files (x86)/atmel/studio/7.0/toolchain/avr8/avr8-gnu-toolchain/bin/../lib/gcc/avr/5.4.0/../../../../avr/lib/avr5/crtatmega32.o (exit)
c:/program files (x86)/atmel/studio/7.0/toolchain/avr8/avr8-gnu-toolchain/bin/../lib/gcc/avr/5.4.0/avr5\libgcc.a(_copy_data.o)
                              app_tasks.o (__do_copy_data)
c:/program files (x86)/atmel/studio/7.0/toolchain/avr8/avr8-gnu-toolchain/bin/../lib/gcc/avr/5.4.0/avr5\libgcc.a(_clear_bss.o)
                              app_tasks.o (__do_clear_bss)
c:/program files (x86)/atmel/studio/7.0/toolchain/avr8/avr8-gnu-toolchain/bin/../lib/gcc/avr/5.4.0/../../../../avr/lib/avr5\libc.a(memcpy.o)
                              queue.o (memcpy)
c:/program files (x86)/atmel/studio/7.0/toolchain/avr8/avr8-gnu-toolchain/bin/../lib/gcc/avr/5.4.0/../../../../avr/lib/avr5\libc.a(strcmp.o)
                              app_tasks.o (strcmp)

Allocating common symbols
Common symbol       size              file

button_queue        0x2               main.o
xQueueRegistry      0x20              queue.o

Discarded input sections

 .data          0x00000000        0x0 c:/program files (x86)/atmel/studio/7.0/toolchain/avr8/avr8-gnu-toolchain/bin/../lib/gcc/avr/5.4.0/../../../../avr/lib/avr5/crtatmega32.o
 .bss           0x00000000        0x0 c:/program files (x86)/atmel/studio/7.0/toolchain/avr8/avr8-gnu-toolchain/bin/../lib/gcc/avr/5.4.0/../../../../avr/lib/avr5/crtatmega32.o
 .text          0x00000000        0x0 app_tasks.o
 .data          0x00000000        0x0 app_tasks.o
 .bss           0x00000000        0x0 app_tasks.o
 .rodata.str1.1
                0x00000000       0x49 app_tasks.o
 .text.vTask_KeyPad
                0x00000000       0x64 app_tasks.o
 .text.vTask_LCD
                0x00000000      0x134 app_tasks.o
 .text.vTask_Password_Check
                0x00000000       0x7c app_tasks.o
 .bss.CheckPasswordSemaphore
                0x00000000        0x2 app_tasks.o
 .bss.LCD_Queue
                0x00000000        0x2 app_tasks.o
 .rodata.g_CurrentPassword
                0x00000000        0x9 app_tasks.o
 .bss.g_Password
                0x00000000        0xa app_tasks.o
 .debug_info    0x00000000      0x6fa app_tasks.o
 .debug_abbrev  0x00000000      0x1bf app_tasks.o
 .debug_loc     0x00000000      0x273 app_tasks.o
 .debug_aranges
                0x00000000       0x30 app_tasks.o
 .debug_ranges  0x00000000       0x20 app_tasks.o
 .debug_line    0x00000000      0x334 app_tasks.o
 .debug_str     0x00000000      0x389 app_tasks.o
 .comment       0x00000000       0x31 app_tasks.o
 .debug_frame   0x00000000       0x64 app_tasks.o
 .text          0x00000000        0x0 heap_2.o
 .data          0x00000000        0x0 heap_2.o
 .bss           0x00000000        0x0 heap_2.o
 .text.xPortGetFreeHeapSize
                0x00000000        0xa heap_2.o
 .text.vPortInitialiseBlocks
                0x00000000        0x2 heap_2.o
 .text          0x00000000        0x0 keypad.o
 .data          0x00000000        0x0 keypad.o
 .bss           0x00000000        0x0 keypad.o
 .text.Keypad_Init
                0x00000000       0xb6 keypad.o
 .text.Keypad_getkey
                0x00000000      0x21c keypad.o
 .debug_info    0x00000000      0x359 keypad.o
 .debug_abbrev  0x00000000      0x128 keypad.o
 .debug_loc     0x00000000      0x125 keypad.o
 .debug_aranges
                0x00000000       0x28 keypad.o
 .debug_ranges  0x00000000       0x18 keypad.o
 .debug_line    0x00000000      0x245 keypad.o
 .debug_str     0x00000000      0x2dd keypad.o
 .comment       0x00000000       0x31 keypad.o
 .debug_frame   0x00000000       0x88 keypad.o
 .text          0x00000000        0x0 keypad_config.o
 .data          0x00000000        0x0 keypad_config.o
 .bss           0x00000000        0x0 keypad_config.o
 .rodata.g_Keypad_Map
                0x00000000       0x10 keypad_config.o
 .rodata.g_Keypad_Row_Config
                0x00000000        0x8 keypad_config.o
 .rodata.g_Keypad_Col_Config
                0x00000000        0x8 keypad_config.o
 .debug_info    0x00000000      0x13d keypad_config.o
 .debug_abbrev  0x00000000       0x91 keypad_config.o
 .debug_aranges
                0x00000000       0x18 keypad_config.o
 .debug_line    0x00000000       0xb6 keypad_config.o
 .debug_str     0x00000000      0x1f3 keypad_config.o
 .comment       0x00000000       0x31 keypad_config.o
 .text          0x00000000        0x0 LCD_Lib.o
 .data          0x00000000        0x0 LCD_Lib.o
 .bss           0x00000000        0x0 LCD_Lib.o
 .text.LCD_READ
                0x00000000       0x14 LCD_Lib.o
 .text.LCD_Write_4bit_mode
                0x00000000       0x60 LCD_Lib.o
 .text.LCD_Write_Command
                0x00000000        0xa LCD_Lib.o
 .text.LCD_Go_To_X_Y
                0x00000000       0x1c LCD_Lib.o
 .text.LCD_Write_Character
                0x00000000        0xa LCD_Lib.o
 .text.LCD_Write_String
                0x00000000       0x1e LCD_Lib.o
 .text.LCD_Write_float
                0x00000000        0x2 LCD_Lib.o
 .text.LCD_Initialization
                0x00000000       0x3a LCD_Lib.o
 .debug_info    0x00000000      0x3b9 LCD_Lib.o
 .debug_abbrev  0x00000000      0x1b6 LCD_Lib.o
 .debug_loc     0x00000000      0x220 LCD_Lib.o
 .debug_aranges
                0x00000000       0x58 LCD_Lib.o
 .debug_ranges  0x00000000       0x48 LCD_Lib.o
 .debug_line    0x00000000      0x333 LCD_Lib.o
 .debug_str     0x00000000      0x298 LCD_Lib.o
 .comment       0x00000000       0x31 LCD_Lib.o
 .debug_frame   0x00000000       0xa8 LCD_Lib.o
 .text          0x00000000        0x0 list.o
 .data          0x00000000        0x0 list.o
 .bss           0x00000000        0x0 list.o
 .text          0x00000000        0x0 main.o
 .data          0x00000000        0x0 main.o
 .bss           0x00000000        0x0 main.o
 .text          0x00000000        0x0 MCAL_GPIO.o
 .data          0x00000000        0x0 MCAL_GPIO.o
 .bss           0x00000000        0x0 MCAL_GPIO.o
 .text.GPIO_Init
                0x00000000       0xbe MCAL_GPIO.o
 .text.GPIO_Write
                0x00000000       0x6c MCAL_GPIO.o
 .text.GPIO_Read
                0x00000000       0xb0 MCAL_GPIO.o
 .debug_info    0x00000000      0x1fa MCAL_GPIO.o
 .debug_abbrev  0x00000000       0xca MCAL_GPIO.o
 .debug_loc     0x00000000      0x1a7 MCAL_GPIO.o
 .debug_aranges
                0x00000000       0x30 MCAL_GPIO.o
 .debug_ranges  0x00000000       0x20 MCAL_GPIO.o
 .debug_line    0x00000000      0x18a MCAL_GPIO.o
 .debug_str     0x00000000      0x227 MCAL_GPIO.o
 .comment       0x00000000       0x31 MCAL_GPIO.o
 .debug_frame   0x00000000       0x44 MCAL_GPIO.o
 .text          0x00000000        0x0 port.o
 .data          0x00000000        0x0 port.o
 .bss           0x00000000        0x0 port.o
 .text.vPortEndScheduler
                0x00000000        0x2 port.o
 .text          0x00000000        0x0 queue.o
 .data          0x00000000        0x0 queue.o
 .bss           0x00000000        0x0 queue.o
 .text.xQueueCreateMutex
                0x00000000       0x34 queue.o
 .text.xQueueGenericSendFromISR
                0x00000000       0x74 queue.o
 .text.xQueueGiveFromISR
                0x00000000       0x52 queue.o
 .text.xQueueReceiveFromISR
                0x00000000       0x6e queue.o
 .text.xQueuePeekFromISR
                0x00000000       0x2e queue.o
 .text.uxQueueMessagesWaiting
                0x00000000       0x10 queue.o
 .text.uxQueueSpacesAvailable
                0x00000000       0x14 queue.o
 .text.uxQueueMessagesWaitingFromISR
                0x00000000        0x6 queue.o
 .text.xQueueIsQueueEmptyFromISR
                0x00000000        0xc queue.o
 .text.xQueueIsQueueFullFromISR
                0x00000000        0xe queue.o
 .text.vQueueAddToRegistry
                0x00000000       0x4e queue.o
 .text.pcQueueGetName
                0x00000000       0x4e queue.o
 .text.vQueueUnregisterQueue
                0x00000000       0x4e queue.o
 .text.vQueueDelete
                0x00000000       0x16 queue.o
 COMMON         0x00000000       0x20 queue.o
 .text          0x00000000        0x0 tasks.o
 .data          0x00000000        0x0 tasks.o
 .bss           0x00000000        0x0 tasks.o
 .text.vTaskDelete
                0x00000000       0xaa tasks.o
 .text.uxTaskPriorityGet
                0x00000000       0x1c tasks.o
 .text.uxTaskPriorityGetFromISR
                0x00000000       0x12 tasks.o
 .text.vTaskPrioritySet
                0x00000000       0xf8 tasks.o
 .text.vTaskResume
                0x00000000       0x9e tasks.o
 .text.xTaskResumeFromISR
                0x00000000       0xae tasks.o
 .text.vTaskEndScheduler
                0x00000000        0xc tasks.o
 .text.xTaskGetTickCount
                0x00000000       0x14 tasks.o
 .text.xTaskGetTickCountFromISR
                0x00000000        0xa tasks.o
 .text.uxTaskGetNumberOfTasks
                0x00000000        0x6 tasks.o
 .text.pcTaskGetName
                0x00000000       0x10 tasks.o
 .text.vTaskDelayUntil
                0x00000000       0x7c tasks.o
 .text.vTaskSuspend
                0x00000000       0x9c tasks.o
 .text.vTaskPlaceOnUnorderedEventList
                0x00000000       0x32 tasks.o
 .text.xTaskRemoveFromUnorderedEventList
                0x00000000       0x74 tasks.o
 .text.xTaskGetCurrentTaskHandle
                0x00000000        0xa tasks.o
 .text.uxTaskResetEventItemValue
                0x00000000       0x2e tasks.o
 .text.ulTaskNotifyTake
                0x00000000       0xae tasks.o
 .text.xTaskNotifyWait
                0x00000000      0x108 tasks.o
 .text.xTaskGenericNotify
                0x00000000       0xfc tasks.o
 .text.xTaskGenericNotifyFromISR
                0x00000000      0x122 tasks.o
 .text.vTaskNotifyGiveFromISR
                0x00000000       0xb6 tasks.o
 .text.xTaskNotifyStateClear
                0x00000000       0x28 tasks.o
 .text          0x00000000        0x0 c:/program files (x86)/atmel/studio/7.0/toolchain/avr8/avr8-gnu-toolchain/bin/../lib/gcc/avr/5.4.0/avr5\libgcc.a(_exit.o)
 .data          0x00000000        0x0 c:/program files (x86)/atmel/studio/7.0/toolchain/avr8/avr8-gnu-toolchain/bin/../lib/gcc/avr/5.4.0/avr5\libgcc.a(_exit.o)
 .bss           0x00000000        0x0 c:/program files (x86)/atmel/studio/7.0/toolchain/avr8/avr8-gnu-toolchain/bin/../lib/gcc/avr/5.4.0/avr5\libgcc.a(_exit.o)
 .text.libgcc.mul
                0x00000000        0x0 c:/program files (x86)/atmel/studio/7.0/toolchain/avr8/avr8-gnu-toolchain/bin/../lib/gcc/avr/5.4.0/avr5\libgcc.a(_exit.o)
 .text.libgcc.div
                0x00000000        0x0 c:/program files (x86)/atmel/studio/7.0/toolchain/avr8/avr8-gnu-toolchain/bin/../lib/gcc/avr/5.4.0/avr5\libgcc.a(_exit.o)
 .text.libgcc   0x00000000        0x0 c:/program files (x86)/atmel/studio/7.0/toolchain/avr8/avr8-gnu-toolchain/bin/../lib/gcc/avr/5.4.0/avr5\libgcc.a(_exit.o)
 .text.libgcc.prologue
                0x00000000        0x0 c:/program files (x86)/atmel/studio/7.0/toolchain/avr8/avr8-gnu-toolchain/bin/../lib/gcc/avr/5.4.0/avr5\libgcc.a(_exit.o)
 .text.libgcc.builtins
                0x00000000        0x0 c:/program files (x86)/atmel/studio/7.0/toolchain/avr8/avr8-gnu-toolchain/bin/../lib/gcc/avr/5.4.0/avr5\libgcc.a(_exit.o)
 .text.libgcc.fmul
                0x00000000        0x0 c:/program files (x86)/atmel/studio/7.0/toolchain/avr8/avr8-gnu-toolchain/bin/../lib/gcc/avr/5.4.0/avr5\libgcc.a(_exit.o)
 .text.libgcc.fixed
                0x00000000        0x0 c:/program files (x86)/atmel/studio/7.0/toolchain/avr8/avr8-gnu-toolchain/bin/../lib/gcc/avr/5.4.0/avr5\libgcc.a(_exit.o)
 .text          0x00000000        0x0 c:/program files (x86)/atmel/studio/7.0/toolchain/avr8/avr8-gnu-toolchain/bin/../lib/gcc/avr/5.4.0/avr5\libgcc.a(_copy_data.o)
 .data          0x00000000        0x0 c:/program files (x86)/atmel/studio/7.0/toolchain/avr8/avr8-gnu-toolchain/bin/../lib/gcc/avr/5.4.0/avr5\libgcc.a(_copy_data.o)
 .bss           0x00000000        0x0 c:/program files (x86)/atmel/studio/7.0/toolchain/avr8/avr8-gnu-toolchain/bin/../lib/gcc/avr/5.4.0/avr5\libgcc.a(_copy_data.o)
 .text.libgcc.mul
                0x00000000        0x0 c:/program files (x86)/atmel/studio/7.0/toolchain/avr8/avr8-gnu-toolchain/bin/../lib/gcc/avr/5.4.0/avr5\libgcc.a(_copy_data.o)
 .text.libgcc.div
                0x00000000        0x0 c:/program files (x86)/atmel/studio/7.0/toolchain/avr8/avr8-gnu-toolchain/bin/../lib/gcc/avr/5.4.0/avr5\libgcc.a(_copy_data.o)
 .text.libgcc   0x00000000        0x0 c:/program files (x86)/atmel/studio/7.0/toolchain/avr8/avr8-gnu-toolchain/bin/../lib/gcc/avr/5.4.0/avr5\libgcc.a(_copy_data.o)
 .text.libgcc.prologue
                0x00000000        0x0 c:/program files (x86)/atmel/studio/7.0/toolchain/avr8/avr8-gnu-toolchain/bin/../lib/gcc/avr/5.4.0/avr5\libgcc.a(_copy_data.o)
 .text.libgcc.builtins
                0x00000000        0x0 c:/program files (x86)/atmel/studio/7.0/toolchain/avr8/avr8-gnu-toolchain/bin/../lib/gcc/avr/5.4.0/avr5\libgcc.a(_copy_data.o)
 .text.libgcc.fmul
                0x00000000        0x0 c:/program files (x86)/atmel/studio/7.0/toolchain/avr8/avr8-gnu-toolchain/bin/../lib/gcc/avr/5.4.0/avr5\libgcc.a(_copy_data.o)
 .text.libgcc.fixed
                0x00000000        0x0 c:/program files (x86)/atmel/studio/7.0/toolchain/avr8/avr8-gnu-toolchain/bin/../lib/gcc/avr/5.4.0/avr5\libgcc.a(_copy_data.o)
 .text          0x00000000        0x0 c:/program files (x86)/atmel/studio/7.0/toolchain/avr8/avr8-gnu-toolchain/bin/../lib/gcc/avr/5.4.0/avr5\libgcc.a(_clear_bss.o)
 .data          0x00000000        0x0 c:/program files (x86)/atmel/studio/7.0/toolchain/avr8/avr8-gnu-toolchain/bin/../lib/gcc/avr/5.4.0/avr5\libgcc.a(_clear_bss.o)
 .bss           0x00000000        0x0 c:/program files (x86)/atmel/studio/7.0/toolchain/avr8/avr8-gnu-toolchain/bin/../lib/gcc/avr/5.4.0/avr5\libgcc.a(_clear_bss.o)
 .text.libgcc.mul
                0x00000000        0x0 c:/program files (x86)/atmel/studio/7.0/toolchain/avr8/avr8-gnu-toolchain/bin/../lib/gcc/avr/5.4.0/avr5\libgcc.a(_clear_bss.o)
 .text.libgcc.div
                0x00000000        0x0 c:/program files (x86)/atmel/studio/7.0/toolchain/avr8/avr8-gnu-toolchain/bin/../lib/gcc/avr/5.4.0/avr5\libgcc.a(_clear_bss.o)
 .text.libgcc   0x00000000        0x0 c:/program files (x86)/atmel/studio/7.0/toolchain/avr8/avr8-gnu-toolchain/bin/../lib/gcc/avr/5.4.0/avr5\libgcc.a(_clear_bss.o)
 .text.libgcc.prologue
                0x00000000        0x0 c:/program files (x86)/atmel/studio/7.0/toolchain/avr8/avr8-gnu-toolchain/bin/../lib/gcc/avr/5.4.0/avr5\libgcc.a(_clear_bss.o)
 .text.libgcc.builtins
                0x00000000        0x0 c:/program files (x86)/atmel/studio/7.0/toolchain/avr8/avr8-gnu-toolchain/bin/../lib/gcc/avr/5.4.0/avr5\libgcc.a(_clear_bss.o)
 .text.libgcc.fmul
                0x00000000        0x0 c:/program files (x86)/atmel/studio/7.0/toolchain/avr8/avr8-gnu-toolchain/bin/../lib/gcc/avr/5.4.0/avr5\libgcc.a(_clear_bss.o)
 .text.libgcc.fixed
                0x00000000        0x0 c:/program files (x86)/atmel/studio/7.0/toolchain/avr8/avr8-gnu-toolchain/bin/../lib/gcc/avr/5.4.0/avr5\libgcc.a(_clear_bss.o)
 .text          0x00000000        0x0 c:/program files (x86)/atmel/studio/7.0/toolchain/avr8/avr8-gnu-toolchain/bin/../lib/gcc/avr/5.4.0/../../../../avr/lib/avr5\libc.a(memcpy.o)
 .data          0x00000000        0x0 c:/program files (x86)/atmel/studio/7.0/toolchain/avr8/avr8-gnu-toolchain/bin/../lib/gcc/avr/5.4.0/../../../../avr/lib/avr5\libc.a(memcpy.o)
 .bss           0x00000000        0x0 c:/program files (x86)/atmel/studio/7.0/toolchain/avr8/avr8-gnu-toolchain/bin/../lib/gcc/avr/5.4.0/../../../../avr/lib/avr5\libc.a(memcpy.o)
 .text          0x00000000        0x0 c:/program files (x86)/atmel/studio/7.0/toolchain/avr8/avr8-gnu-toolchain/bin/../lib/gcc/avr/5.4.0/../../../../avr/lib/avr5\libc.a(strcmp.o)
 .data          0x00000000        0x0 c:/program files (x86)/atmel/studio/7.0/toolchain/avr8/avr8-gnu-toolchain/bin/../lib/gcc/avr/5.4.0/../../../../avr/lib/avr5\libc.a(strcmp.o)
 .bss           0x00000000        0x0 c:/program files (x86)/atmel/studio/7.0/toolchain/avr8/avr8-gnu-toolchain/bin/../lib/gcc/avr/5.4.0/../../../../avr/lib/avr5\libc.a(strcmp.o)
 .text.avr-libc
                0x00000000       0x12 c:/program files (x86)/atmel/studio/7.0/toolchain/avr8/avr8-gnu-toolchain/bin/../lib/gcc/avr/5.4.0/../../../../avr/lib/avr5\libc.a(strcmp.o)

Memory Configuration

Name             Origin             Length             Attributes
text             0x00000000         0x00008000         xr
data             0x00800060         0x00000800         rw !x
eeprom           0x00810000         0x00000400         rw !x
fuse             0x00820000         0x00000002         rw !x
lock             0x00830000         0x00000400         rw !x
signature        0x00840000         0x00000400         rw !x
user_signatures  0x00850000         0x00000400         rw !x
*default*        0x00000000         0xffffffff

Linker script and memory map

LOAD c:/program files (x86)/atmel/studio/7.0/toolchain/avr8/avr8-gnu-toolchain/bin/../lib/gcc/avr/5.4.0/../../../../avr/lib/avr5/crtatmega32.o
LOAD app_tasks.o
LOAD heap_2.o
LOAD keypad.o
LOAD keypad_config.o
LOAD LCD_Lib.o
LOAD list.o
LOAD main.o
LOAD MCAL_GPIO.o
LOAD port.o
LOAD queue.o
LOAD tasks.o
START GROUP
LOAD c:/program files (x86)/atmel/studio/7.0/toolchain/avr8/avr8-gnu-toolchain/bin/../lib/gcc/avr/5.4.0/../../../../avr/lib/avr5\libm.a
END GROUP
START GROUP
LOAD c:/program files (x86)/atmel/studio/7.0/toolchain/avr8/avr8-gnu-toolchain/bin/../lib/gcc/avr/5.4.0/avr5\libgcc.a
LOAD c:/program files (x86)/atmel/studio/7.0/toolchain/avr8/avr8-gnu-toolchain/bin/../lib/gcc/avr/5.4.0/../../../../avr/lib/avr5\libm.a
LOAD c:/program files (x86)/atmel/studio/7.0/toolchain/avr8/avr8-gnu-toolchain/bin/../lib/gcc/avr/5.4.0/../../../../avr/lib/avr5\libc.a
LOAD c:/program files (x86)/atmel/studio/7.0/toolchain/avr8/avr8-gnu-toolchain/bin/../lib/gcc/avr/5.4.0/../../../../avr/lib/avr5\libatmega32.a
END GROUP
                0x00000000                __TEXT_REGION_ORIGIN__ = DEFINED (__TEXT_REGION_ORIGIN__)?__TEXT_REGION_ORIGIN__:0x0
                [0x00800060]                __DATA_REGION_ORIGIN__ = DEFINED (__DATA_REGION_ORIGIN__)?__DATA_REGION_ORIGIN__:0x800060
                [0x00008000]                __TEXT_REGION_LENGTH__ = DEFINED (__TEXT_REGION_LENGTH__)?__TEXT_REGION_LENGTH__:0x20000
                [0x00000800]                __DATA_REGION_LENGTH__ = DEFINED (__DATA_REGION_LENGTH__)?__DATA_REGION_LENGTH__:0xffa0
                [0x00000400]                __EEPROM_REGION_LENGTH__ = DEFINED (__EEPROM_REGION_LENGTH__)?__EEPROM_REGION_LENGTH__:0x10000
                [0x00000002]                __FUSE_REGION_LENGTH__ = DEFINED (__FUSE_REGION_LENGTH__)?__FUSE_REGION_LENGTH__:0x400
                0x00000400                __LOCK_REGION_LENGTH__ = DEFINED (__LOCK_REGION_LENGTH__)?__LOCK_REGION_LENGTH__:0x400
                0x00000400                __SIGNATURE_REGION_LENGTH__ = DEFINED (__SIGNATURE_REGION_LENGTH__)?__SIGNATURE_REGION_LENGTH__:0x400
                0x00000400                __USER_SIGNATURE_REGION_LENGTH__ = DEFINED (__USER_SIGNATURE_REGION_LENGTH__)?__USER_SIGNATURE_REGION_LENGTH__:0x400

.hash
 *(.hash)

.dynsym
 *(.dynsym)

.dynstr
 *(.dynstr)

.gnu.version
 *(.gnu.version)

.gnu.version_d
 *(.gnu.version_d)

.gnu.version_r
 *(.gnu.version_r)

.rel.init
 *(.rel.init)

.rela.init
 *(.rela.init)

.rel.text
 *(.rel.text)
 *(.rel.text.*)
 *(.rel.gnu.linkonce.t*)

.rela.text
 *(.rela.text)
 *(.rela.text.*)
 *(.rela.gnu.linkonce.t*)

.rel.fini
 *(.rel.fini)

.rela.fini
 *(.rela.fini)

.rel.rodata
 *(.rel.rodata)
 *(.rel.rodata.*)
 *(.rel.gnu.linkonce.r*)

.rela.rodata
 *(.rela.rodata)
 *(.rela.rodata.*)
 *(.rela.gnu.linkonce.r*)

.rel.data
 *(.rel.data)
 *(.rel.data.*)
 *(.rel.gnu.linkonce.d*)

.rela.data
 *(.rela.data)
 *(.rela.data.*)
 *(.rela.gnu.linkonce.d*)

.rel.ctors
 *(.rel.ctors)

.rela.ctors
 *(.rela.ctors)

.rel.dtors
 *(.rel.dtors)

.rela.dtors
 *(.rela.dtors)

.rel.got
 *(.rel.got)

.rela.got
 *(.rela.got)

.rel.bss
 *(.rel.bss)

.rela.bss
 *(.rela.bss)

.rel.plt
 *(.rel.plt)

.rela.plt
 *(.rela.plt)

.text           0x00000000     0x1634
 *(.vectors)
 .vectors       0x00000000       0x54 c:/program files (x86)/atmel/studio/7.0/toolchain/avr8/avr8-gnu-toolchain/bin/../lib/gcc/avr/5.4.0/../../../../avr/lib/avr5/crtatmega32.o
                0x00000000                __vector_default
                0x00000000                __vectors
 *(.vectors)
 *(.progmem.gcc*)
                0x00000054                . = ALIGN (0x2)
                0x00000054                __trampolines_start = .
 *(.trampolines)
 .trampolines   0x00000054        0x0 linker stubs
 *(.trampolines*)
                0x00000054                __trampolines_end = .
 *libprintf_flt.a:*(.progmem.data)
 *libc.a:*(.progmem.data)
 *(.progmem*)
                0x00000054                . = ALIGN (0x2)
 *(.jumptables)
 *(.jumptables*)
 *(.lowtext)
 *(.lowtext*)
                0x00000054                __ctors_start = .
 *(.ctors)
                0x00000054                __ctors_end = .
                0x00000054                __dtors_start = .
 *(.dtors)
                0x00000054                __dtors_end = .
 SORT(*)(.ctors)
 SORT(*)(.dtors)
 *(.init0)
 .init0         0x00000054        0x0 c:/program files (x86)/atmel/studio/7.0/toolchain/avr8/avr8-gnu-toolchain/bin/../lib/gcc/avr/5.4.0/../../../../avr/lib/avr5/crtatmega32.o
                0x00000054                __init
 *(.init0)
 *(.init1)
 *(.init1)
 *(.init2)
 .init2         0x00000054        0xc c:/program files (x86)/atmel/studio/7.0/toolchain/avr8/avr8-gnu-toolchain/bin/../lib/gcc/avr/5.4.0/../../../../avr/lib/avr5/crtatmega32.o
 *(.init2)
 *(.init3)
 *(.init3)
 *(.init4)
 .init4         0x00000060       0x16 c:/program files (x86)/atmel/studio/7.0/toolchain/avr8/avr8-gnu-toolchain/bin/../lib/gcc/avr/5.4.0/avr5\libgcc.a(_copy_data.o)
                0x00000060                __do_copy_data
 .init4         0x00000076       0x10 c:/program files (x86)/atmel/studio/7.0/toolchain/avr8/avr8-gnu-toolchain/bin/../lib/gcc/avr/5.4.0/avr5\libgcc.a(_clear_bss.o)
                0x00000076                __do_clear_bss
 *(.init4)
 *(.init5)
 *(.init5)
 *(.init6)
 *(.init6)
 *(.init7)
 *(.init7)
 *(.init8)
 *(.init8)
 *(.init9)
 .init9         0x00000086        0x8 c:/program files (x86)/atmel/studio/7.0/toolchain/avr8/avr8-gnu-toolchain/bin/../lib/gcc/avr/5.4.0/../../../../avr/lib/avr5/crtatmega32.o
 *(.init9)
 *(.text)
 .text          0x0000008e        0x4 c:/program files (x86)/atmel/studio/7.0/toolchain/avr8/avr8-gnu-toolchain/bin/../lib/gcc/avr/5.4.0/../../../../avr/lib/avr5/crtatmega32.o
                0x0000008e                __vector_1
                0x0000008e                __vector_12
                0x0000008e                __bad_interrupt
                0x0000008e                __vector_6
                0x0000008e                __vector_3
                0x0000008e                __vector_11
                0x0000008e                __vector_13
                0x0000008e                __vector_17
                0x0000008e                __vector_19
                0x0000008e                __vector_5
                0x0000008e                __vector_4
                0x0000008e                __vector_9
                0x0000008e                __vector_2
                0x0000008e                __vector_15
                0x0000008e                __vector_8
                0x0000008e                __vector_14
                0x0000008e                __vector_10
                0x0000008e                __vector_16
                0x0000008e                __vector_18
                0x0000008e                __vector_20
                0x00000092                . = ALIGN (0x2)
 *(.text.*)
 .text.pvPortMalloc
                0x00000092      0x134 heap_2.o
                0x00000092                pvPortMalloc
 .text.vPortFree
                0x000001c6       0x66 heap_2.o
                0x000001c6                vPortFree
 .text.vListInitialise
                0x0000022c       0x1c list.o
                0x0000022c                vListInitialise
 .text.vListInitialiseItem
                0x00000248        0x8 list.o
                0x00000248                vListInitialiseItem
 .text.vListInsertEnd
                0x00000250       0x42 list.o
                0x00000250                vListInsertEnd
 .text.vListInsert
                0x00000292       0x62 list.o
                0x00000292                vListInsert
 .text.uxListRemove
                0x000002f4       0x4c list.o
                0x000002f4                uxListRemove
 .text.vButtonTask
                0x00000340       0x62 main.o
                0x00000340                vButtonTask
 .text.vLEDTask
                0x000003a2       0x4a main.o
                0x000003a2                vLEDTask
 .text.main     0x000003ec       0x48 main.o
                0x000003ec                main
 .text.pxPortInitialiseStack
                0x00000434       0xd8 port.o
                0x00000434                pxPortInitialiseStack
 .text.xPortStartScheduler
                0x0000050c       0x6a port.o
                0x0000050c                xPortStartScheduler
 .text.vPortYield
                0x00000576       0xb2 port.o
                0x00000576                vPortYield
 .text.vPortYieldFromTick
                0x00000628       0xb8 port.o
                0x00000628                vPortYieldFromTick
 .text.__vector_7
                0x000006e0        0x6 port.o
                0x000006e0                __vector_7
 .text.prvCopyDataToQueue
                0x000006e6       0xbe queue.o
 .text.prvCopyDataFromQueue
                0x000007a4       0x34 queue.o
 .text.prvUnlockQueue
                0x000007d8       0x9a queue.o
 .text.xQueueGenericReset
                0x00000872       0x7a queue.o
                0x00000872                xQueueGenericReset
 .text.xQueueGenericCreate
                0x000008ec       0x5a queue.o
                0x000008ec                xQueueGenericCreate
 .text.xQueueGenericSend
                0x00000946      0x142 queue.o
                0x00000946                xQueueGenericSend
 .text.xQueueGenericReceive
                0x00000a88      0x198 queue.o
                0x00000a88                xQueueGenericReceive
 .text.prvResetNextTaskUnblockTime
                0x00000c20       0x3e tasks.o
 .text.prvAddCurrentTaskToDelayedList
                0x00000c5e       0xb0 tasks.o
 .text.xTaskCreate
                0x00000d0e      0x222 tasks.o
                0x00000d0e                xTaskCreate
 .text.vTaskStartScheduler
                0x00000f30       0x54 tasks.o
                0x00000f30                vTaskStartScheduler
 .text.vTaskSuspendAll
                0x00000f84        0xc tasks.o
                0x00000f84                vTaskSuspendAll
 .text.xTaskIncrementTick
                0x00000f90      0x176 tasks.o
                0x00000f90                xTaskIncrementTick
 .text.xTaskResumeAll
                0x00001106       0xfe tasks.o
                0x00001106                xTaskResumeAll
 .text.vTaskDelay
                0x00001204       0x28 tasks.o
                0x00001204                vTaskDelay
 .text.prvIdleTask
                0x0000122c       0x7a tasks.o
 .text.vTaskSwitchContext
                0x000012a6       0xcc tasks.o
                0x000012a6                vTaskSwitchContext
 .text.vTaskPlaceOnEventList
                0x00001372       0x24 tasks.o
                0x00001372                vTaskPlaceOnEventList
 .text.xTaskRemoveFromEventList
                0x00001396       0x90 tasks.o
                0x00001396                xTaskRemoveFromEventList
 .text.vTaskSetTimeOutState
                0x00001426       0x16 tasks.o
                0x00001426                vTaskSetTimeOutState
 .text.xTaskCheckForTimeOut
                0x0000143c       0x72 tasks.o
                0x0000143c                xTaskCheckForTimeOut
 .text.vTaskMissedYield
                0x000014ae        0x8 tasks.o
                0x000014ae                vTaskMissedYield
 .text.vTaskPriorityInherit
                0x000014b6       0xc4 tasks.o
                0x000014b6                vTaskPriorityInherit
 .text.xTaskPriorityDisinherit
                0x0000157a       0x80 tasks.o
                0x0000157a                xTaskPriorityDisinherit
 .text.pvTaskIncrementMutexHeldCount
                0x000015fa       0x24 tasks.o
                0x000015fa                pvTaskIncrementMutexHeldCount
 .text.avr-libc
                0x0000161e       0x12 c:/program files (x86)/atmel/studio/7.0/toolchain/avr8/avr8-gnu-toolchain/bin/../lib/gcc/avr/5.4.0/../../../../avr/lib/avr5\libc.a(memcpy.o)
                0x0000161e                memcpy
                0x00001630                . = ALIGN (0x2)
 *(.fini9)
 .fini9         0x00001630        0x0 c:/program files (x86)/atmel/studio/7.0/toolchain/avr8/avr8-gnu-toolchain/bin/../lib/gcc/avr/5.4.0/avr5\libgcc.a(_exit.o)
                0x00001630                _exit
                0x00001630                exit
 *(.fini9)
 *(.fini8)
 *(.fini8)
 *(.fini7)
 *(.fini7)
 *(.fini6)
 *(.fini6)
 *(.fini5)
 *(.fini5)
 *(.fini4)
 *(.fini4)
 *(.fini3)
 *(.fini3)
 *(.fini2)
 *(.fini2)
 *(.fini1)
 *(.fini1)
 *(.fini0)
 .fini0         0x00001630        0x4 c:/program files (x86)/atmel/studio/7.0/toolchain/avr8/avr8-gnu-toolchain/bin/../lib/gcc/avr/5.4.0/avr5\libgcc.a(_exit.o)
 *(.fini0)
                0x00001634                _etext = .

.data           0x00800060       0x1c load address 0x00001634
                0x00800060                PROVIDE (__data_start, .)
 *(.data)
 *(.data*)
 .data.xFreeBytesRemaining
                0x00800060        0x2 heap_2.o
 *(.gnu.linkonce.d*)
 *(.rodata)
 *(.rodata*)
 .rodata.str1.1
                0x00800062       0x15 main.o
 .rodata.str1.1
                0x00800077        0x5 tasks.o
 *(.gnu.linkonce.r*)
                0x0080007c                . = ALIGN (0x2)
                0x0080007c                _edata = .
                0x0080007c                PROVIDE (__data_end, .)

.bss            0x0080007c      0x462
                0x0080007c                PROVIDE (__bss_start, .)
 *(.bss)
 *(.bss*)
 .bss.xHeapHasBeenInitialised.2082
                0x0080007c        0x1 heap_2.o
 .bss.xEnd      0x0080007d        0x4 heap_2.o
 .bss.xStart    0x00800081        0x4 heap_2.o
 .bss.ucHeap    0x00800085      0x3e8 heap_2.o
 .bss.uxSchedulerSuspended
                0x0080046d        0x1 tasks.o
 .bss.xIdleTaskHandle
                0x0080046e        0x2 tasks.o
 .bss.xNextTaskUnblockTime
                0x00800470        0x2 tasks.o
 .bss.uxTaskNumber
                0x00800472        0x1 tasks.o
 .bss.xNumOfOverflows
                0x00800473        0x1 tasks.o
 .bss.xYieldPending
                0x00800474        0x1 tasks.o
 .bss.uxPendedTicks
                0x00800475        0x1 tasks.o
 .bss.xSchedulerRunning
                0x00800476        0x1 tasks.o
 .bss.uxTopReadyPriority
                0x00800477        0x1 tasks.o
 .bss.xTickCount
                0x00800478        0x2 tasks.o
 .bss.uxCurrentNumberOfTasks
                0x0080047a        0x1 tasks.o
 .bss.xSuspendedTaskList
                0x0080047b        0x9 tasks.o
 .bss.uxDeletedTasksWaitingCleanUp
                0x00800484        0x1 tasks.o
 .bss.xTasksWaitingTermination
                0x00800485        0x9 tasks.o
 .bss.xPendingReadyList
                0x0080048e        0x9 tasks.o
 .bss.pxOverflowDelayedTaskList
                0x00800497        0x2 tasks.o
 .bss.pxDelayedTaskList
                0x00800499        0x2 tasks.o
 .bss.xDelayedTaskList2
                0x0080049b        0x9 tasks.o
 .bss.xDelayedTaskList1
                0x008004a4        0x9 tasks.o
 .bss.pxReadyTasksLists
                0x008004ad       0x2d tasks.o
 .bss.pxCurrentTCB
                0x008004da        0x2 tasks.o
                0x008004da                pxCurrentTCB
 *(COMMON)
 COMMON         0x008004dc        0x2 main.o
                0x008004dc                button_queue
                0x008004de                PROVIDE (__bss_end, .)
                0x00001634                __data_load_start = LOADADDR (.data)
                0x00001650                __data_load_end = (__data_load_start + SIZEOF (.data))

.noinit         0x008004de        0x0
                [!provide]                PROVIDE (__noinit_start, .)
 *(.noinit*)
                [!provide]                PROVIDE (__noinit_end, .)
                0x008004de                _end = .
                [!provide]                PROVIDE (__heap_start, .)

.eeprom         0x00810000        0x0
 *(.eeprom*)
                0x00810000                __eeprom_end = .

.fuse
 *(.fuse)
 *(.lfuse)
 *(.hfuse)
 *(.efuse)

.lock
 *(.lock*)

.signature
 *(.signature*)

.user_signatures
 *(.user_signatures*)

.stab
 *(.stab)

.stabstr
 *(.stabstr)

.stab.excl
 *(.stab.excl)

.stab.exclstr
 *(.stab.exclstr)

.stab.index
 *(.stab.index)

.stab.indexstr
 *(.stab.indexstr)

.comment        0x00000000       0x30
 *(.comment)
 .comment       0x00000000       0x30 heap_2.o
                                 0x31 (size before relaxing)
 .comment       0x00000030       0x31 list.o
 .comment       0x00000030       0x31 main.o
 .comment       0x00000030       0x31 port.o
 .comment       0x00000030       0x31 queue.o
 .comment       0x00000030       0x31 tasks.o

.note.gnu.avr.deviceinfo
                0x00000000       0x3c
 .note.gnu.avr.deviceinfo
                0x00000000       0x3c c:/program files (x86)/atmel/studio/7.0/toolchain/avr8/avr8-gnu-toolchain/bin/../lib/gcc/avr/5.4.0/../../../../avr/lib/avr5/crtatmega32.o

.note.gnu.build-id
 *(.note.gnu.build-id)

.debug
 *(.debug)

.line
 *(.line)

.debug_srcinfo
 *(.debug_srcinfo)

.debug_sfnames
 *(.debug_sfnames)

.debug_aranges  0x00000000      0x310
 *(.debug_aranges)
 .debug_aranges
                0x00000000       0x38 heap_2.o
 .debug_aranges
                0x00000038       0x40 list.o
 .debug_aranges
                0x00000078       0x30 main.o
 .debug_aranges
                0x000000a8       0x48 port.o
 .debug_aranges
                0x000000f0       0xc0 queue.o
 .debug_aranges
                0x000001b0      0x160 tasks.o

.debug_pubnames
 *(.debug_pubnames)

.debug_info     0x00000000     0x41a7
 *(.debug_info .gnu.linkonce.wi.*)
 .debug_info    0x00000000      0x4e6 c:/program files (x86)/atmel/studio/7.0/toolchain/avr8/avr8-gnu-toolchain/bin/../lib/gcc/avr/5.4.0/../../../../avr/lib/avr5/crtatmega32.o
 .debug_info    0x000004e6      0x33a heap_2.o
 .debug_info    0x00000820      0x2cd list.o
 .debug_info    0x00000aed      0x3c9 main.o
 .debug_info    0x00000eb6      0x263 port.o
 .debug_info    0x00001119     0x1304 queue.o
 .debug_info    0x0000241d     0x1d8a tasks.o

.debug_abbrev   0x00000000      0xfe8
 *(.debug_abbrev)
 .debug_abbrev  0x00000000      0x4a3 c:/program files (x86)/atmel/studio/7.0/toolchain/avr8/avr8-gnu-toolchain/bin/../lib/gcc/avr/5.4.0/../../../../avr/lib/avr5/crtatmega32.o
 .debug_abbrev  0x000004a3      0x1ba heap_2.o
 .debug_abbrev  0x0000065d       0xf8 list.o
 .debug_abbrev  0x00000755      0x152 main.o
 .debug_abbrev  0x000008a7      0x155 port.o
 .debug_abbrev  0x000009fc      0x2bc queue.o
 .debug_abbrev  0x00000cb8      0x330 tasks.o

.debug_line     0x00000000     0x2278
 *(.debug_line .debug_line.* .debug_line_end)
 .debug_line    0x00000000       0x1a c:/program files (x86)/atmel/studio/7.0/toolchain/avr8/avr8-gnu-toolchain/bin/../lib/gcc/avr/5.4.0/../../../../avr/lib/avr5/crtatmega32.o
 .debug_line    0x0000001a      0x27c heap_2.o
 .debug_line    0x00000296      0x1cb list.o
 .debug_line    0x00000461      0x1d6 main.o
 .debug_line    0x00000637      0x288 port.o
 .debug_line    0x000008bf      0x911 queue.o
 .debug_line    0x000011d0     0x10a8 tasks.o

.debug_frame    0x00000000      0x994
 *(.debug_frame)
 .debug_frame   0x00000000       0x7c heap_2.o
 .debug_frame   0x0000007c       0x88 list.o
 .debug_frame   0x00000104       0x64 main.o
 .debug_frame   0x00000168       0x74 port.o
 .debug_frame   0x000001dc      0x2b0 queue.o
 .debug_frame   0x0000048c      0x508 tasks.o

.debug_str      0x00000000     0x149a
 *(.debug_str)
 .debug_str     0x00000000      0x196 c:/program files (x86)/atmel/studio/7.0/toolchain/avr8/avr8-gnu-toolchain/bin/../lib/gcc/avr/5.4.0/../../../../avr/lib/avr5/crtatmega32.o
 .debug_str     0x00000196      0x2c4 heap_2.o
                                0x308 (size before relaxing)
 .debug_str     0x0000045a      0x135 list.o
                                0x2bf (size before relaxing)
 .debug_str     0x0000058f       0xf4 main.o
                                0x294 (size before relaxing)
 .debug_str     0x00000683      0x118 port.o
                                0x2b8 (size before relaxing)
 .debug_str     0x0000079b      0x4e9 queue.o
                                0x7f7 (size before relaxing)
 .debug_str     0x00000c84      0x816 tasks.o
                                0xd0c (size before relaxing)

.debug_loc      0x00000000     0x40c7
 *(.debug_loc)
 .debug_loc     0x00000000      0x2ef heap_2.o
 .debug_loc     0x000002ef      0x145 list.o
 .debug_loc     0x00000434      0x16c main.o
 .debug_loc     0x000005a0      0x2a0 port.o
 .debug_loc     0x00000840     0x1787 queue.o
 .debug_loc     0x00001fc7     0x2100 tasks.o

.debug_macinfo
 *(.debug_macinfo)

.debug_weaknames
 *(.debug_weaknames)

.debug_funcnames
 *(.debug_funcnames)

.debug_typenames
 *(.debug_typenames)

.debug_varnames
 *(.debug_varnames)

.debug_pubtypes
 *(.debug_pubtypes)

.debug_ranges   0x00000000      0x388
 *(.debug_ranges)
 .debug_ranges  0x00000000       0x28 heap_2.o
 .debug_ranges  0x00000028       0x30 list.o
 .debug_ranges  0x00000058       0x20 main.o
 .debug_ranges  0x00000078       0x38 port.o
 .debug_ranges  0x000000b0      0x110 queue.o
 .debug_ranges  0x000001c0      0x1c8 tasks.o

.debug_macro
 *(.debug_macro)
OUTPUT(RTOS_Alarm_Sys_RTOS.elf elf32-avr)
LOAD linker stubs
