******************************************************************************
                  TI ARM Linker PC v15.12.1                    
******************************************************************************
>> Linked Tue Nov 15 15:46:55 2016

OUTPUT FILE NAME:   <FREERTOS_LAB3.out>
ENTRY POINT SYMBOL: "_c_int00"  address: 00002de5


MEMORY CONFIGURATION

         name            origin    length      used     unused   attr    fill
----------------------  --------  ---------  --------  --------  ----  --------
  FLASH                 00000000   00040000  00003006  0003cffa  R  X
  SRAM                  20000000   00008000  0000516c  00002e94  RW X


SEGMENT ALLOCATION MAP

run origin  load origin   length   init length attrs members
----------  ----------- ---------- ----------- ----- -------
00000000    00000000    0000300c   0000300c    r-x
  00000000    00000000    0000026c   0000026c    r-- .intvecs
  0000026c    0000026c    00002d3c   00002d3c    r-x .text
  00002fa8    00002fa8    0000000a   0000000a    r-- .const
  00002fb8    00002fb8    00000054   00000054    r-- .cinit
20000000    20000000    0000516c   00000000    rw-
  20000000    20000000    00004f00   00000000    rw- .bss
  20004f00    20004f00    00000200   00000000    rw- .stack
  20005100    20005100    0000006c   00000000    rw- .data


SECTION ALLOCATION MAP

 output                                  attributes/
section   page    origin      length       input sections
--------  ----  ----------  ----------   ----------------
.intvecs   0    00000000    0000026c     
                  00000000    0000026c     tm4c1231h6pm_startup_ccs.obj (.intvecs)

.text      0    0000026c    00002d3c     
                  0000026c    000019e4     tasks.obj (.text)
                  00001c50    000004f0     DIO.obj (.text)
                  00002140    00000214     UART.obj (.text)
                  00002354    000001cc     heap_2.obj (.text)
                  00002520    000001b8     port.obj (.text)
                  000026d8    000001b6     rtsv7M4_T_le_v4SPD16_eabi.lib : fd_add_t2.obj (.text)
                  0000288e    00000132     list.obj (.text)
                  000029c0    000000e0     main.obj (.text)
                  00002aa0    000000d2     portasm.obj (.text)
                  00002b72    0000009c     rtsv7M4_T_le_v4SPD16_eabi.lib : memcpy_t2.obj (.text)
                  00002c0e    00000002                                   : mpu_init.obj (.text)
                  00002c10    0000007c     PLL.obj (.text)
                  00002c8c    0000007a     rtsv7M4_T_le_v4SPD16_eabi.lib : memset_t2.obj (.text)
                  00002d06    00000002                                   : startup.obj (.text)
                  00002d08    00000070                                   : autoinit.obj (.text)
                  00002d78    0000006a                                   : copy_decompress_rle.obj (.text)
                  00002de2    00000002     --HOLE-- [fill = 0]
                  00002de4    00000054                                   : boot.obj (.text)
                  00002e38    00000054                                   : exit.obj (.text)
                  00002e8c    0000004c                                   : cpy_tbl.obj (.text)
                  00002ed8    00000048                                   : fd_toi_t2.obj (.text)
                  00002f20    00000038                                   : fs_tod_t2.obj (.text)
                  00002f58    00000018                                   : args_main.obj (.text)
                  00002f70    00000014                                   : _lock.obj (.text)
                  00002f84    0000000e                                   : copy_decompress_none.obj (.text:decompress:none)
                  00002f92    0000000c     tm4c1231h6pm_startup_ccs.obj (.text)
                  00002f9e    00000006     rtsv7M4_T_le_v4SPD16_eabi.lib : copy_decompress_rle.obj (.text:decompress:rle24)
                  00002fa4    00000004                                   : pre_init.obj (.text)

.const     0    00002fa8    0000000a     
                  00002fa8    00000008     port.obj (.const)
                  00002fb0    00000002     heap_2.obj (.const)

.cinit     0    00002fb8    00000054     
                  00002fb8    0000002e     (.cinit..data.load) [load image, compression = rle]
                  00002fe6    00000002     --HOLE-- [fill = 0]
                  00002fe8    0000000b     (.cinit..bss.load) [load image, compression = rle]
                  00002ff3    00000001     --HOLE-- [fill = 0]
                  00002ff4    00000008     (__TI_handler_table)
                  00002ffc    00000010     (__TI_cinit_table)

.init_array 
*          0    00000000    00000000     UNINITIALIZED

.bss       0    20000000    00004f00     UNINITIALIZED
                  20000000    00004e20     heap_2.obj (.bss:ucHeap)
                  20004e20    00000064     tasks.obj (.bss:pxReadyTasksLists)
                  20004e84    00000014     tasks.obj (.bss:xDelayedTaskList1)
                  20004e98    00000014     tasks.obj (.bss:xDelayedTaskList2)
                  20004eac    00000014     tasks.obj (.bss:xPendingReadyList)
                  20004ec0    00000014     tasks.obj (.bss:xSuspendedTaskList)
                  20004ed4    00000014     tasks.obj (.bss:xTasksWaitingTermination)
                  20004ee8    00000008     tasks.obj (.bss)
                  20004ef0    00000008     heap_2.obj (.bss:xEnd)
                  20004ef8    00000008     heap_2.obj (.bss:xStart)

.stack     0    20004f00    00000200     UNINITIALIZED
                  20004f00    00000200     --HOLE--

.data      0    20005100    0000006c     UNINITIALIZED
                  20005100    00000034     tasks.obj (.data)
                  20005134    0000000c     rtsv7M4_T_le_v4SPD16_eabi.lib : exit.obj (.data:$O1$$)
                  20005140    0000000c     main.obj (.data)
                  2000514c    0000000c     port.obj (.data)
                  20005158    00000008     rtsv7M4_T_le_v4SPD16_eabi.lib : _lock.obj (.data:$O1$$)
                  20005160    00000008     heap_2.obj (.data)
                  20005168    00000004     rtsv7M4_T_le_v4SPD16_eabi.lib : stkdepth_vars.obj (.data)

MODULE SUMMARY

       Module                         code    ro data   rw data
       ------                         ----    -------   -------
    .\
       heap_2.obj                     460     2         20024  
       tasks.obj                      6628    0         260    
       DIO.obj                        1264    0         0      
       tm4c1231h6pm_startup_ccs.obj   12      620       0      
       UART.obj                       532     0         0      
       port.obj                       440     8         12     
       list.obj                       306     0         0      
       main.obj                       224     0         12     
       portasm.obj                    210     0         0      
       PLL.obj                        124     0         0      
    +--+------------------------------+-------+---------+---------+
       Total:                         10200   630       20308  
                                                               
    C:\ti\ccsv6\tools\compiler\ti-cgt-arm_15.12.1.LTS\lib\rtsv7M4_T_le_v4SPD16_eabi.lib
       fd_add_t2.obj                  438     0         0      
       memcpy_t2.obj                  156     0         0      
       memset_t2.obj                  122     0         0      
       autoinit.obj                   112     0         0      
       copy_decompress_rle.obj        112     0         0      
       exit.obj                       84      0         12     
       boot.obj                       84      0         0      
       cpy_tbl.obj                    76      0         0      
       fd_toi_t2.obj                  72      0         0      
       fs_tod_t2.obj                  56      0         0      
       _lock.obj                      20      0         8      
       args_main.obj                  24      0         0      
       copy_decompress_none.obj       14      0         0      
       pre_init.obj                   4       0         0      
       stkdepth_vars.obj              0       0         4      
       mpu_init.obj                   2       0         0      
       startup.obj                    2       0         0      
    +--+------------------------------+-------+---------+---------+
       Total:                         1378    0         24     
                                                               
       Stack:                         0       0         512    
       Linker Generated:              0       81        0      
    +--+------------------------------+-------+---------+---------+
       Grand Total:                   11578   711       20844  


LINKER GENERATED COPY TABLES

__TI_cinit_table @ 00002ffc records: 2, size/record: 8, table size: 16
	.data: load addr=00002fb8, load size=0000002e bytes, run addr=20005100, run size=0000006c bytes, compression=rle
	.bss: load addr=00002fe8, load size=0000000b bytes, run addr=20000000, run size=00004f00 bytes, compression=rle


LINKER GENERATED HANDLER TABLE

__TI_handler_table @ 00002ff4 records: 2, size/record: 4, table size: 8
	index: 0, handler: __TI_decompress_rle24
	index: 1, handler: __TI_decompress_none


GLOBAL SYMBOLS: SORTED ALPHABETICALLY BY Name 

address   name                             
-------   ----                             
00002e39  C$$EXIT                          
00002035  DIO_PortDirection                
00001c51  DIO_PortInit                     
00001e6b  DIO_PortRead                     
00001f09  DIO_PortWrite                    
00002c11  PLL_Set80                        
00002f93  ResetISR                         
UNDEFED   SHT$$INIT_ARRAY$$Base            
UNDEFED   SHT$$INIT_ARRAY$$Limit           
00002141  UART0_Init                       
000022c5  UART0_ReadChr                    
000022d9  UART0_ReadString                 
000022a9  UART0_SendChr                    
0000222f  UART0_SendInt                    
0000220b  UART0_SendString                 
20005100  __STACK_END                      
00000200  __STACK_SIZE                     
20005100  __STACK_TOP                      
00002ffc  __TI_CINIT_Base                  
0000300c  __TI_CINIT_Limit                 
00002ff4  __TI_Handler_Table_Base          
00002ffc  __TI_Handler_Table_Limit         
00002d09  __TI_auto_init                   
20005134  __TI_cleanup_ptr                 
00002f85  __TI_decompress_none             
00002f9f  __TI_decompress_rle24            
20005138  __TI_dtors_ptr                   
2000513c  __TI_enable_exit_profile_output  
ffffffff  __TI_pprof_out_hndl              
ffffffff  __TI_prof_data_size              
ffffffff  __TI_prof_data_start             
00000000  __TI_static_base__               
00002ed9  __aeabi_d2iz                     
000026e3  __aeabi_dadd                     
000026d9  __aeabi_dsub                     
00002f21  __aeabi_f2d                      
00002c8d  __aeabi_memclr                   
00002c8d  __aeabi_memclr4                  
00002c8d  __aeabi_memclr8                  
00002b73  __aeabi_memcpy                   
00002b73  __aeabi_memcpy4                  
00002b73  __aeabi_memcpy8                  
00002c8f  __aeabi_memset                   
00002c8f  __aeabi_memset4                  
00002c8f  __aeabi_memset8                  
ffffffff  __binit__                        
ffffffff  __c_args__                       
00002c0f  __mpu_init                       
20004f00  __stack                          
00002f59  _args_main                       
00002de5  _c_int00                         
20005158  _lock                            
00002f7f  _nop                             
00002f77  _register_lock                   
00002f71  _register_unlock                 
00002d07  _system_post_cinit               
00002fa5  _system_pre_init                 
2000515c  _unlock                          
00002e3d  abort                            
ffffffff  binit                            
00002e8d  copy_in                          
20005148  data                             
000005f1  eTaskGetState                    
00002e45  exit                             
00000000  g_pfnVectors                     
000029fd  main                             
20005168  main_func_sp                     
00002b73  memcpy                           
00002c95  memset                           
00000bc5  pcTaskGetName                    
00002355  pvPortMalloc                     
00001731  pvTaskIncrementMutexHeldCount    
20005100  pxCurrentTCB                     
00002521  pxPortInitialiseStack            
00002fa8  ulMaxSyscallInterruptPriority    
00002ab1  ulPortGetIPSR                    
00001749  ulTaskNotifyTake                 
00002979  uxListRemove                     
00000bbf  uxTaskGetNumberOfTasks           
00001519  uxTaskGetStackHighWaterMark      
00000d49  uxTaskGetSystemState             
00001281  uxTaskGetTaskNumber              
00000681  uxTaskPriorityGet                
000006b1  uxTaskPriorityGetFromISR         
0000170b  uxTaskResetEventItemValue        
0000288f  vListInitialise                  
000028bf  vListInitialiseItem              
0000290b  vListInsert                      
000028cf  vListInsertEnd                   
00002b65  vPortEnableVFP                   
0000261f  vPortEndScheduler                
00002621  vPortEnterCritical               
00002641  vPortExitCritical                
0000245b  vPortFree                        
000024c3  vPortInitialiseBlocks            
00002b29  vPortSVCHandler                  
0000267d  vPortSetupTimerInterrupt         
00002b49  vPortStartFirstTask              
0000268b  vPortValidateInterruptPriority   
000029e5  vTask1                           
000029c1  vTask2                           
000005b3  vTaskDelay                       
00000505  vTaskDelayUntil                  
00000475  vTaskDelete                      
00000a61  vTaskEndScheduler                
00001395  vTaskGetInfo                     
00001279  vTaskMissedYield                 
00001a95  vTaskNotifyGiveFromISR           
0000104f  vTaskPlaceOnEventList            
0000106f  vTaskPlaceOnUnorderedEventList   
000015ed  vTaskPriorityInherit             
00000705  vTaskPrioritySet                 
000008f1  vTaskResume                      
000012a1  vTaskSetTaskNumber               
000011b9  vTaskSetTimeOutState             
00000a11  vTaskStartScheduler              
0000080d  vTaskSuspend                     
00000a7d  vTaskSuspendAll                  
00000fc9  vTaskSwitchContext               
20005140  x                                
000024bd  xPortGetFreeHeapSize             
00002ac9  xPortPendSVHandler               
0000258b  xPortStartScheduler              
00002657  xPortSysTickHandler              
00000e2d  xTaskAbortDelay                  
000011d3  xTaskCheckForTimeOut             
0000026d  xTaskCreate                      
0000188d  xTaskGenericNotify               
0000197d  xTaskGenericNotifyFromISR        
0000158f  xTaskGetCurrentTaskHandle        
00000cc1  xTaskGetHandle                   
00000e21  xTaskGetIdleTaskHandle           
000015bd  xTaskGetSchedulerState           
00000b79  xTaskGetTickCount                
00000b91  xTaskGetTickCountFromISR         
00000eb5  xTaskIncrementTick               
00001b4b  xTaskNotifyStateClear            
000017d1  xTaskNotifyWait                  
0000168b  xTaskPriorityDisinherit          
000010a5  xTaskRemoveFromEventList         
00001135  xTaskRemoveFromUnorderedEventList
00000a91  xTaskResumeAll                   
00000977  xTaskResumeFromISR               
20005144  y                                


GLOBAL SYMBOLS: SORTED BY Symbol Address 

address   name                             
-------   ----                             
00000000  __TI_static_base__               
00000000  g_pfnVectors                     
00000200  __STACK_SIZE                     
0000026d  xTaskCreate                      
00000475  vTaskDelete                      
00000505  vTaskDelayUntil                  
000005b3  vTaskDelay                       
000005f1  eTaskGetState                    
00000681  uxTaskPriorityGet                
000006b1  uxTaskPriorityGetFromISR         
00000705  vTaskPrioritySet                 
0000080d  vTaskSuspend                     
000008f1  vTaskResume                      
00000977  xTaskResumeFromISR               
00000a11  vTaskStartScheduler              
00000a61  vTaskEndScheduler                
00000a7d  vTaskSuspendAll                  
00000a91  xTaskResumeAll                   
00000b79  xTaskGetTickCount                
00000b91  xTaskGetTickCountFromISR         
00000bbf  uxTaskGetNumberOfTasks           
00000bc5  pcTaskGetName                    
00000cc1  xTaskGetHandle                   
00000d49  uxTaskGetSystemState             
00000e21  xTaskGetIdleTaskHandle           
00000e2d  xTaskAbortDelay                  
00000eb5  xTaskIncrementTick               
00000fc9  vTaskSwitchContext               
0000104f  vTaskPlaceOnEventList            
0000106f  vTaskPlaceOnUnorderedEventList   
000010a5  xTaskRemoveFromEventList         
00001135  xTaskRemoveFromUnorderedEventList
000011b9  vTaskSetTimeOutState             
000011d3  xTaskCheckForTimeOut             
00001279  vTaskMissedYield                 
00001281  uxTaskGetTaskNumber              
000012a1  vTaskSetTaskNumber               
00001395  vTaskGetInfo                     
00001519  uxTaskGetStackHighWaterMark      
0000158f  xTaskGetCurrentTaskHandle        
000015bd  xTaskGetSchedulerState           
000015ed  vTaskPriorityInherit             
0000168b  xTaskPriorityDisinherit          
0000170b  uxTaskResetEventItemValue        
00001731  pvTaskIncrementMutexHeldCount    
00001749  ulTaskNotifyTake                 
000017d1  xTaskNotifyWait                  
0000188d  xTaskGenericNotify               
0000197d  xTaskGenericNotifyFromISR        
00001a95  vTaskNotifyGiveFromISR           
00001b4b  xTaskNotifyStateClear            
00001c51  DIO_PortInit                     
00001e6b  DIO_PortRead                     
00001f09  DIO_PortWrite                    
00002035  DIO_PortDirection                
00002141  UART0_Init                       
0000220b  UART0_SendString                 
0000222f  UART0_SendInt                    
000022a9  UART0_SendChr                    
000022c5  UART0_ReadChr                    
000022d9  UART0_ReadString                 
00002355  pvPortMalloc                     
0000245b  vPortFree                        
000024bd  xPortGetFreeHeapSize             
000024c3  vPortInitialiseBlocks            
00002521  pxPortInitialiseStack            
0000258b  xPortStartScheduler              
0000261f  vPortEndScheduler                
00002621  vPortEnterCritical               
00002641  vPortExitCritical                
00002657  xPortSysTickHandler              
0000267d  vPortSetupTimerInterrupt         
0000268b  vPortValidateInterruptPriority   
000026d9  __aeabi_dsub                     
000026e3  __aeabi_dadd                     
0000288f  vListInitialise                  
000028bf  vListInitialiseItem              
000028cf  vListInsertEnd                   
0000290b  vListInsert                      
00002979  uxListRemove                     
000029c1  vTask2                           
000029e5  vTask1                           
000029fd  main                             
00002ab1  ulPortGetIPSR                    
00002ac9  xPortPendSVHandler               
00002b29  vPortSVCHandler                  
00002b49  vPortStartFirstTask              
00002b65  vPortEnableVFP                   
00002b73  __aeabi_memcpy                   
00002b73  __aeabi_memcpy4                  
00002b73  __aeabi_memcpy8                  
00002b73  memcpy                           
00002c0f  __mpu_init                       
00002c11  PLL_Set80                        
00002c8d  __aeabi_memclr                   
00002c8d  __aeabi_memclr4                  
00002c8d  __aeabi_memclr8                  
00002c8f  __aeabi_memset                   
00002c8f  __aeabi_memset4                  
00002c8f  __aeabi_memset8                  
00002c95  memset                           
00002d07  _system_post_cinit               
00002d09  __TI_auto_init                   
00002de5  _c_int00                         
00002e39  C$$EXIT                          
00002e3d  abort                            
00002e45  exit                             
00002e8d  copy_in                          
00002ed9  __aeabi_d2iz                     
00002f21  __aeabi_f2d                      
00002f59  _args_main                       
00002f71  _register_unlock                 
00002f77  _register_lock                   
00002f7f  _nop                             
00002f85  __TI_decompress_none             
00002f93  ResetISR                         
00002f9f  __TI_decompress_rle24            
00002fa5  _system_pre_init                 
00002fa8  ulMaxSyscallInterruptPriority    
00002ff4  __TI_Handler_Table_Base          
00002ffc  __TI_CINIT_Base                  
00002ffc  __TI_Handler_Table_Limit         
0000300c  __TI_CINIT_Limit                 
20004f00  __stack                          
20005100  __STACK_END                      
20005100  __STACK_TOP                      
20005100  pxCurrentTCB                     
20005134  __TI_cleanup_ptr                 
20005138  __TI_dtors_ptr                   
2000513c  __TI_enable_exit_profile_output  
20005140  x                                
20005144  y                                
20005148  data                             
20005158  _lock                            
2000515c  _unlock                          
20005168  main_func_sp                     
ffffffff  __TI_pprof_out_hndl              
ffffffff  __TI_prof_data_size              
ffffffff  __TI_prof_data_start             
ffffffff  __binit__                        
ffffffff  __c_args__                       
ffffffff  binit                            
UNDEFED   SHT$$INIT_ARRAY$$Base            
UNDEFED   SHT$$INIT_ARRAY$$Limit           

[144 symbols]
